../Core/Src/fsm.c:12:6:fsm_traffic_light	8	static
../Core/Src/fsm.c:104:6:turn_red_on	8	static
../Core/Src/fsm.c:115:6:turn_yel_on	8	static
../Core/Src/fsm.c:126:6:turn_grn_on	8	static
../Core/Src/fsm.c:137:6:turn_on_red_grn	8	static
../Core/Src/fsm.c:148:6:turn_on_red_yel	8	static
../Core/Src/fsm.c:159:6:turn_on_grn_red	8	static
../Core/Src/fsm.c:170:6:turn_on_yel_red	8	static
../Core/Src/fsm.c:181:6:init_auto_red_grn	8	static
../Core/Src/fsm.c:193:6:auto_red_grn	8	static
../Core/Src/fsm.c:215:6:init_auto_red_yel	8	static
../Core/Src/fsm.c:227:6:auto_red_yel	8	static
../Core/Src/fsm.c:249:6:init_auto_grn_red	8	static
../Core/Src/fsm.c:261:6:auto_grn_red	8	static
../Core/Src/fsm.c:283:6:init_auto_yel_red	8	static
../Core/Src/fsm.c:295:6:auto_yel_red	8	static
../Core/Src/fsm.c:317:6:init_red_time_config	8	static
../Core/Src/fsm.c:331:6:red_time_config	8	static
../Core/Src/fsm.c:395:6:init_yel_time_config	8	static
../Core/Src/fsm.c:409:6:yel_time_config	8	static
../Core/Src/fsm.c:473:6:init_grn_time_config	8	static
../Core/Src/fsm.c:487:6:grn_time_config	8	static
