../Core/Src/fsm.c:12:6:fsm_traffic_light	8	static
../Core/Src/fsm.c:101:6:turn_red_on	8	static
../Core/Src/fsm.c:112:6:turn_yel_on	8	static
../Core/Src/fsm.c:123:6:turn_grn_on	8	static
../Core/Src/fsm.c:134:6:turn_on_red_grn	8	static
../Core/Src/fsm.c:145:6:turn_on_red_yel	8	static
../Core/Src/fsm.c:156:6:turn_on_grn_red	8	static
../Core/Src/fsm.c:167:6:turn_on_yel_red	8	static
../Core/Src/fsm.c:178:6:init_auto_red_grn	8	static
../Core/Src/fsm.c:190:6:auto_red_grn	8	static
../Core/Src/fsm.c:209:6:init_auto_red_yel	8	static
../Core/Src/fsm.c:221:6:auto_red_yel	8	static
../Core/Src/fsm.c:241:6:init_auto_grn_red	8	static
../Core/Src/fsm.c:253:6:auto_grn_red	8	static
../Core/Src/fsm.c:272:6:init_auto_yel_red	8	static
../Core/Src/fsm.c:284:6:auto_yel_red	8	static
../Core/Src/fsm.c:303:6:init_red_time_config	8	static
../Core/Src/fsm.c:317:6:red_time_config	8	static
../Core/Src/fsm.c:378:6:init_yel_time_config	8	static
../Core/Src/fsm.c:392:6:yel_time_config	8	static
../Core/Src/fsm.c:453:6:init_grn_time_config	8	static
../Core/Src/fsm.c:467:6:grn_time_config	8	static
